// Jest Snapshot v1, https://goo.gl/fbAQLP

exports[`<CategoryItem /> Component Check the UI of the CategoryItem component 1`] = `
Object {
  "component": CategoryItem {
    "$$": Object {
      "after_update": Array [],
      "before_update": Array [],
      "bound": Object {},
      "callbacks": Object {},
      "context": Map {},
      "ctx": Array [
        undefined,
        undefined,
        undefined,
        undefined,
      ],
      "dirty": Array [
        -1,
      ],
      "fragment": Object {
        "c": [Function],
        "d": [Function],
        "i": [Function],
        "l": [Function],
        "m": [Function],
        "o": [Function],
        "p": [Function],
      },
      "not_equal": [Function],
      "on_destroy": Array [
        [Function],
      ],
      "on_mount": Array [],
      "props": Object {
        "alt": 2,
        "category": 0,
        "href": 3,
        "src": 1,
      },
      "update": [Function],
    },
    "$capture_state": [Function],
    "$inject_state": [Function],
    "$set": [Function],
  },
  "container": <body>
    <div>
      <div
        class="category-item undefined"
      >
        <a>
          <p
            style="text-transform: capitalize;"
          >
            undefined
          </p>
           
          <img
            style="width: 100px;"
          />
        </a>
      </div>
    </div>
  </body>,
  "debug": [Function],
  "findAllByAltText": [Function],
  "findAllByDisplayValue": [Function],
  "findAllByLabelText": [Function],
  "findAllByPlaceholderText": [Function],
  "findAllByRole": [Function],
  "findAllByTestId": [Function],
  "findAllByText": [Function],
  "findAllByTitle": [Function],
  "findByAltText": [Function],
  "findByDisplayValue": [Function],
  "findByLabelText": [Function],
  "findByPlaceholderText": [Function],
  "findByRole": [Function],
  "findByTestId": [Function],
  "findByText": [Function],
  "findByTitle": [Function],
  "getAllByAltText": [Function],
  "getAllByDisplayValue": [Function],
  "getAllByLabelText": [Function],
  "getAllByPlaceholderText": [Function],
  "getAllByRole": [Function],
  "getAllByTestId": [Function],
  "getAllByText": [Function],
  "getAllByTitle": [Function],
  "getByAltText": [Function],
  "getByDisplayValue": [Function],
  "getByLabelText": [Function],
  "getByPlaceholderText": [Function],
  "getByRole": [Function],
  "getByTestId": [Function],
  "getByText": [Function],
  "getByTitle": [Function],
  "queryAllByAltText": [Function],
  "queryAllByDisplayValue": [Function],
  "queryAllByLabelText": [Function],
  "queryAllByPlaceholderText": [Function],
  "queryAllByRole": [Function],
  "queryAllByTestId": [Function],
  "queryAllByText": [Function],
  "queryAllByTitle": [Function],
  "queryByAltText": [Function],
  "queryByDisplayValue": [Function],
  "queryByLabelText": [Function],
  "queryByPlaceholderText": [Function],
  "queryByRole": [Function],
  "queryByTestId": [Function],
  "queryByText": [Function],
  "queryByTitle": [Function],
  "rerender": [Function],
  "unmount": [Function],
}
`;
