// Jest Snapshot v1, https://goo.gl/fbAQLP

exports[`<Footer /> Component Check the UI of the Footer component 1`] = `
Object {
  "component": Footer {
    "$$": Object {
      "after_update": Array [],
      "before_update": Array [],
      "bound": Object {},
      "callbacks": Object {},
      "context": Map {},
      "ctx": Array [
        undefined,
      ],
      "dirty": Array [
        -1,
      ],
      "fragment": Object {
        "c": [Function],
        "d": [Function],
        "i": [Function],
        "l": [Function],
        "m": [Function],
        "o": [Function],
        "p": [Function],
      },
      "not_equal": [Function],
      "on_destroy": Array [
        [Function],
      ],
      "on_mount": Array [],
      "props": Object {
        "segment": 0,
      },
      "update": [Function],
    },
    "$capture_state": [Function],
    "$inject_state": [Function],
    "$set": [Function],
  },
  "container": <body>
    <div>
      <footer>
        <div
          class="footer__logotype"
        >
          <img
            alt="Gamecheap Logo"
            src="../gamecheap-logo.png"
          />
           
          <h2>
            Gamecheap
          </h2>
        </div>
         
        <div
          class="footer__links"
        >
          <ul
            class="footer__navigation"
          >
            <li
              class="footer__links--title"
            >
              <p>
                Gamecheap
              </p>
            </li>
             
            <li>
              <a
                href="blog"
              >
                Blog
              </a>
            </li>
             
            <li>
              <a
                href="about"
              >
                About
              </a>
            </li>
             
            <li>
              <a
                href="/"
              >
                Home
              </a>
            </li>
          </ul>
           
          <ul
            class="footer__navigation"
          >
            <li
              class="footer__links--title"
            >
              <p>
                Product
              </p>
            </li>
             
            <li>
              <a
                href="https://www.notion.so/CheaPlatzi-s-Engineering-Wiki-3f897bf0888d40ffb7388e7f001ad133"
                target="_blank"
              >
                Docs
              </a>
            </li>
             
            <li>
              <a
                href="."
              >
                Brand
              </a>
            </li>
             
            <li>
              <a
                href="."
              >
                The Team
              </a>
            </li>
          </ul>
        </div>
         
        <div
          class="footer__wrapper"
        >
          <span
            class="footer__copyright"
          >
            <p>
              Copyright Â© 2020 Gamecheap. All rights reserved.
            </p>
          </span>
           
          <ul
            class="footer__social"
          >
            <a
              href="https://github.com/fresh-xcraping-enchiladas"
              target="_blank"
            >
              <i
                class="fab fa-github"
              />
            </a>
             
            <a
              href="."
            >
              freshxcrapingenchiladas@gmail.com
            </a>
          </ul>
        </div>
      </footer>
    </div>
  </body>,
  "debug": [Function],
  "findAllByAltText": [Function],
  "findAllByDisplayValue": [Function],
  "findAllByLabelText": [Function],
  "findAllByPlaceholderText": [Function],
  "findAllByRole": [Function],
  "findAllByTestId": [Function],
  "findAllByText": [Function],
  "findAllByTitle": [Function],
  "findByAltText": [Function],
  "findByDisplayValue": [Function],
  "findByLabelText": [Function],
  "findByPlaceholderText": [Function],
  "findByRole": [Function],
  "findByTestId": [Function],
  "findByText": [Function],
  "findByTitle": [Function],
  "getAllByAltText": [Function],
  "getAllByDisplayValue": [Function],
  "getAllByLabelText": [Function],
  "getAllByPlaceholderText": [Function],
  "getAllByRole": [Function],
  "getAllByTestId": [Function],
  "getAllByText": [Function],
  "getAllByTitle": [Function],
  "getByAltText": [Function],
  "getByDisplayValue": [Function],
  "getByLabelText": [Function],
  "getByPlaceholderText": [Function],
  "getByRole": [Function],
  "getByTestId": [Function],
  "getByText": [Function],
  "getByTitle": [Function],
  "queryAllByAltText": [Function],
  "queryAllByDisplayValue": [Function],
  "queryAllByLabelText": [Function],
  "queryAllByPlaceholderText": [Function],
  "queryAllByRole": [Function],
  "queryAllByTestId": [Function],
  "queryAllByText": [Function],
  "queryAllByTitle": [Function],
  "queryByAltText": [Function],
  "queryByDisplayValue": [Function],
  "queryByLabelText": [Function],
  "queryByPlaceholderText": [Function],
  "queryByRole": [Function],
  "queryByTestId": [Function],
  "queryByText": [Function],
  "queryByTitle": [Function],
  "rerender": [Function],
  "unmount": [Function],
}
`;
